[2026-02-09 13:13:31] DEBUG Creating transport: nodemailer (7.0.12; +https://nodemailer.com/; SMTP/7.0.12[client:7.0.12])
??? Service Email configur?? (Gmail 465): chabakaousmaneo@gmail.com
--- Diagnostic SMTP (Via App Service) ---
EMAIL_USER: chabakaousmaneo@gmail.com
Envoi d'un email de test...
[2026-02-09 13:13:31] DEBUG Sending mail using SMTP/7.0.12[client:7.0.12]
[2026-02-09 13:13:31] DEBUG [EMAnXJjeK5Q] Resolved smtp.gmail.com as 142.251.127.108 [cache miss]
[2026-02-09 13:13:32] INFO  [EMAnXJjeK5Q] Secure connection established to 142.251.127.108:465
[2026-02-09 13:13:32] DEBUG [EMAnXJjeK5Q] S: 220 smtp.gmail.com ESMTP ffacd0b85a97d-436296b2facsm27100157f8f.9 - gsmtp
[2026-02-09 13:13:32] DEBUG [EMAnXJjeK5Q] C: EHLO [127.0.0.1]
[2026-02-09 13:13:32] DEBUG [EMAnXJjeK5Q] S: 250-smtp.gmail.com at your service, [143.105.163.65]
[2026-02-09 13:13:32] DEBUG [EMAnXJjeK5Q] S: 250-SIZE 35882577
[2026-02-09 13:13:32] DEBUG [EMAnXJjeK5Q] S: 250-8BITMIME
[2026-02-09 13:13:32] DEBUG [EMAnXJjeK5Q] S: 250-AUTH LOGIN PLAIN XOAUTH2 PLAIN-CLIENTTOKEN OAUTHBEARER XOAUTH
[2026-02-09 13:13:32] DEBUG [EMAnXJjeK5Q] S: 250-ENHANCEDSTATUSCODES
[2026-02-09 13:13:32] DEBUG [EMAnXJjeK5Q] S: 250-PIPELINING
[2026-02-09 13:13:32] DEBUG [EMAnXJjeK5Q] S: 250-CHUNKING
[2026-02-09 13:13:32] DEBUG [EMAnXJjeK5Q] S: 250 SMTPUTF8
[2026-02-09 13:13:32] DEBUG [EMAnXJjeK5Q] SMTP handshake finished
[2026-02-09 13:13:32] DEBUG [EMAnXJjeK5Q] C: AUTH PLAIN AGNoYWJha2FvdXNtYW5lb0BnbWFpbC5jb20ALyogc2VjcmV0ICov
[2026-02-09 13:13:32] DEBUG [EMAnXJjeK5Q] S: 235 2.7.0 Accepted
[2026-02-09 13:13:32] INFO  [EMAnXJjeK5Q] User "chabakaousmaneo@gmail.com" authenticated
[2026-02-09 13:13:32] INFO  Sending message <7d318321-1960-48d2-8434-fe740ecd8a64@gmail.com> to <chabakaousmaneo@gmail.com>
[2026-02-09 13:13:32] DEBUG [EMAnXJjeK5Q] C: MAIL FROM:<chabakaousmaneo@gmail.com>
[2026-02-09 13:13:32] DEBUG [EMAnXJjeK5Q] S: 250 2.1.0 OK ffacd0b85a97d-436296b2facsm27100157f8f.9 - gsmtp
[2026-02-09 13:13:32] DEBUG [EMAnXJjeK5Q] C: RCPT TO:<chabakaousmaneo@gmail.com>
[2026-02-09 13:13:32] DEBUG [EMAnXJjeK5Q] S: 250 2.1.5 OK ffacd0b85a97d-436296b2facsm27100157f8f.9 - gsmtp
[2026-02-09 13:13:32] DEBUG [EMAnXJjeK5Q] C: DATA
[2026-02-09 13:13:33] DEBUG [EMAnXJjeK5Q] S: 354 Go ahead ffacd0b85a97d-436296b2facsm27100157f8f.9 - gsmtp
[2026-02-09 13:13:33] DEBUG [EMAnXJjeK5Q] From: =?UTF-8?Q?=C3=89tat_Civil_Tchad?= <chabakaousmaneo@gmail.com>
[2026-02-09 13:13:33] DEBUG [EMAnXJjeK5Q] To: chabakaousmaneo@gmail.com
[2026-02-09 13:13:33] DEBUG [EMAnXJjeK5Q] Subject: Test SIGEC App Service
[2026-02-09 13:13:33] DEBUG [EMAnXJjeK5Q] Message-ID: <7d318321-1960-48d2-8434-fe740ecd8a64@gmail.com>
[2026-02-09 13:13:33] DEBUG [EMAnXJjeK5Q] Content-Transfer-Encoding: quoted-printable
[2026-02-09 13:13:33] DEBUG [EMAnXJjeK5Q] Date: Mon, 09 Feb 2026 13:13:31 +0000
[2026-02-09 13:13:33] DEBUG [EMAnXJjeK5Q] MIME-Version: 1.0
[2026-02-09 13:13:33] DEBUG [EMAnXJjeK5Q] Content-Type: text/html; charset=utf-8
[2026-02-09 13:13:33] DEBUG [EMAnXJjeK5Q] 
[2026-02-09 13:13:33] DEBUG [EMAnXJjeK5Q] <b>Ceci teste la configuration r=C3=A9elle de l'application.</b>
[2026-02-09 13:13:33] DEBUG [EMAnXJjeK5Q] .
[2026-02-09 13:13:33] INFO  [EMAnXJjeK5Q] <409 bytes encoded mime message (source size 406 bytes)>
[2026-02-09 13:13:34] DEBUG [EMAnXJjeK5Q] S: 250 2.0.0 OK  1770642814 ffacd0b85a97d-436296b2facsm27100157f8f.9 - gsmtp
[2026-02-09 13:13:34] DEBUG [EMAnXJjeK5Q] Closing connection to the server using "end"
??? Email envoy?? avec succ??s !
ID Message: <7d318321-1960-48d2-8434-fe740ecd8a64@gmail.com>
[2026-02-09 13:13:34] INFO  [EMAnXJjeK5Q] Connection closed
